{
  "__class__": "TraceSet",
  "__module__": "agilkia.json_traces",
  "version": "0.1.3",
  "meta_data": {
    "date": "2019-10-17T16:13:02.422989",
    "author": "utting",
    "dataset": "unknown",
    "action_chars": null,
    "source": "RandomTester",
    "cmdline": [
      "../trace_generator.py",
      "--seed",
      "1234",
      "-i",
      "fixtures/inputs1.csv",
      "http://www.soapclient.com/xml/soapresponder.wsdl"
    ],
    "web_services": [
      "http://www.soapclient.com/xml/soapresponder.wsdl"
    ],
    "methods_to_test": null,
    "input_rules": {
      "bstrParam1": [
        "one"
      ],
      "bstrParam2": [
        "two",
        "two",
        "two",
        "TWO!"
      ]
    },
    "method_signatures": {
      "Method1": {
        "input": {
          "bstrParam1": {
            "optional": false,
            "type": "String(value)"
          },
          "bstrParam2": {
            "optional": false,
            "type": "String(value)"
          }
        }
      }
    }
  },
  "traces": [
    {
      "__class__": "Trace",
      "__module__": "agilkia.json_traces",
      "events": [
        {
          "__class__": "Event",
          "__module__": "agilkia.json_traces",
          "action": "Method1",
          "inputs": {
            "bstrParam1": "one",
            "bstrParam2": "two"
          },
          "outputs": "Your input parameters are one and two",
          "properties": {}
        },
        {
          "__class__": "Event",
          "__module__": "agilkia.json_traces",
          "action": "Method1",
          "inputs": {
            "bstrParam1": "one",
            "bstrParam2": "two"
          },
          "outputs": "Your input parameters are one and two",
          "properties": {}
        },
        {
          "__class__": "Event",
          "__module__": "agilkia.json_traces",
          "action": "Method1",
          "inputs": {
            "bstrParam1": "one",
            "bstrParam2": "two"
          },
          "outputs": "Your input parameters are one and two",
          "properties": {}
        },
        {
          "__class__": "Event",
          "__module__": "agilkia.json_traces",
          "action": "Method1",
          "inputs": {
            "bstrParam1": "one",
            "bstrParam2": "two"
          },
          "outputs": "Your input parameters are one and two",
          "properties": {}
        },
        {
          "__class__": "Event",
          "__module__": "agilkia.json_traces",
          "action": "Method1",
          "inputs": {
            "bstrParam1": "one",
            "bstrParam2": "TWO!"
          },
          "outputs": "Your input parameters are one and TWO!",
          "properties": {}
        }
      ],
      "random_state": [
        3,
        [
          2147483648,
          681931688,
          3687344416,
          1319623383,
          1733778962,
          4241987723,
          4074262549,
          2852002034,
          1679630986,
          2918199511,
          1674139314,
          4196750923,
          968756412,
          2753032487,
          1705664285,
          3459981360,
          1142784505,
          2171775483,
          1370631056,
          2775989752,
          1785361050,
          1628402989,
          1254938217,
          2157223279,
          3435839812,
          528362357,
          3271176718,
          1717150560,
          2413674734,
          3401445834,
          2201263715,
          2421669659,
          2645483063,
          1144866702,
          3421830138,
          4090598626,
          447497167,
          2572859688,
          1850404299,
          4219968223,
          4035019772,
          1353986065,
          1694482055,
          1791707964,
          2349682119,
          4257230194,
          4109727256,
          564774337,
          3336065033,
          1715151449,
          2025128814,
          4175226335,
          1943810571,
          465832794,
          3104350400,
          1653998836,
          828982119,
          2738537898,
          3024997251,
          218535967,
          1883586163,
          1798051650,
          807368803,
          760703514,
          2837153657,
          319530812,
          3353629048,
          2825980806,
          3191854838,
          2616319652,
          3467188225,
          2782366099,
          1797715374,
          1143408062,
          3569792715,
          251173462,
          392222100,
          4144952265,
          684161103,
          2900426747,
          234189537,
          571293968,
          1969293749,
          3268195902,
          2628399631,
          2433628604,
          685592055,
          2215111937,
          3095492517,
          3432690175,
          425388214,
          2935265105,
          98575693,
          3749251114,
          1319630044,
          1144656076,
          1580177834,
          2240151088,
          1520459680,
          2189516440,
          2869373670,
          3624938686,
          3677551146,
          1563906551,
          3017409652,
          1334993773,
          559961705,
          2136399688,
          742682475,
          887032216,
          3739953044,
          4072707551,
          515676514,
          3460171448,
          3036662203,
          1311422443,
          3302280719,
          363818740,
          312907013,
          2299317514,
          1580584798,
          3532139947,
          3652092379,
          1910510756,
          3638468239,
          1811908616,
          2098942134,
          3000613446,
          3938495524,
          3320846352,
          880077778,
          796896276,
          1287970445,
          756730311,
          3077299094,
          1682806788,
          2410341940,
          3394168093,
          3808225777,
          3390200906,
          717125844,
          2804035518,
          2929326224,
          1119912672,
          1680648232,
          729150302,
          716343139,
          447159972,
          1798147991,
          3295635192,
          1755032061,
          3764911000,
          3917593451,
          2074340743,
          3845432393,
          149764650,
          3819429514,
          3062893055,
          3828664278,
          165784947,
          1626454788,
          2281761805,
          3925812272,
          360610032,
          1231083002,
          1382443094,
          1330284398,
          2894777026,
          250056091,
          2364308044,
          2599401194,
          3490569332,
          204162989,
          907314392,
          93755084,
          2877959744,
          604520541,
          2542386574,
          1462307092,
          1657760498,
          937139779,
          195187747,
          70805286,
          777513415,
          3900225203,
          2563853818,
          3394023625,
          2759683673,
          405771938,
          3668716808,
          4287435602,
          460121472,
          3573937221,
          1157458837,
          473549445,
          3807483727,
          1626727759,
          3760043675,
          2570920968,
          4276760455,
          1542678648,
          1010118806,
          2439506676,
          3581291265,
          3163568279,
          2813816727,
          820065814,
          1500693415,
          366035914,
          20044033,
          3322266701,
          4058985355,
          498839600,
          1393198846,
          3505922491,
          28834564,
          3999423145,
          663062953,
          1592297648,
          1383172742,
          1538043163,
          1780576128,
          2858243512,
          1723114605,
          1480935410,
          3359333525,
          2100249596,
          1887911981,
          2492266430,
          2777938879,
          1027101135,
          185395784,
          2398828499,
          1543167549,
          218017817,
          1540265805,
          1897058599,
          4190296766,
          238073549,
          957973836,
          79753109,
          3280155219,
          3769231695,
          654496669,
          977603257,
          473220975,
          3333252597,
          415836576,
          3281527217,
          1783951381,
          478715560,
          2977458471,
          1382527784,
          4056412942,
          485031387,
          385876437,
          1776484280,
          1634518068,
          555953991,
          834548476,
          2319392986,
          3736364950,
          3385108376,
          1810215441,
          1508125637,
          2186756838,
          808214620,
          3764143815,
          4045248765,
          263682784,
          3801499284,
          1944790434,
          1987605600,
          2613275985,
          3946805088,
          3915478803,
          3982906550,
          2401492386,
          3234790776,
          1856986977,
          3742079195,
          2464001012,
          2977067046,
          4062124500,
          3855224546,
          2578504324,
          3349932125,
          3781389749,
          2143738204,
          2490195743,
          1562552605,
          3438739391,
          1436502547,
          1367868601,
          2802913411,
          1693105884,
          3702003197,
          1945116202,
          4119680371,
          3792769755,
          511051877,
          3195014189,
          3149377492,
          2958189639,
          2846241936,
          1147443455,
          3888797460,
          3835637185,
          1516496264,
          3671313856,
          966785735,
          3199144549,
          221868710,
          1768941353,
          4060807456,
          1098440981,
          1780563064,
          3305546257,
          4145428225,
          3623241359,
          2400940861,
          4146795389,
          100791182,
          4197949623,
          31215319,
          2203280981,
          172061887,
          3228050972,
          2572190803,
          3892129482,
          2958606635,
          1225600967,
          1541327746,
          1453837009,
          4223410508,
          4027184061,
          3202739213,
          3560959792,
          3599537166,
          2717926177,
          3621189627,
          3215566710,
          2338835061,
          1903830213,
          2884771740,
          4211996543,
          2944737917,
          39601148,
          1286941087,
          565743793,
          3233373744,
          1357539045,
          3721194790,
          1525108737,
          1787712818,
          3599258351,
          2652203832,
          3264169228,
          856613472,
          1821605404,
          1935534245,
          665712432,
          812429601,
          1817136759,
          3360835947,
          2398589238,
          2623232316,
          3920712702,
          2285469089,
          4006967101,
          762412529,
          1021010726,
          2546190430,
          1243592099,
          864371057,
          2136034367,
          3669537428,
          2317873314,
          1318667780,
          3836591536,
          3506590208,
          1174815687,
          708800309,
          1522453831,
          98548912,
          2959787572,
          1772358852,
          4031121781,
          3173571360,
          1512503866,
          2783441999,
          2859706818,
          3678884024,
          1596307245,
          545483258,
          2654017379,
          771068207,
          305882636,
          95473695,
          1620514454,
          3456077457,
          3382854867,
          3356867705,
          4059068714,
          4092815339,
          452975895,
          1970780963,
          3713109522,
          753515873,
          2054606228,
          3726075273,
          3558279506,
          4227356358,
          1092275327,
          2588045886,
          2110470422,
          4177067338,
          423244918,
          2594038542,
          1553409120,
          2026699298,
          750250137,
          470320832,
          1368390093,
          3211670749,
          4077145639,
          1055342089,
          626786913,
          385295437,
          3535399386,
          2169031091,
          1738878861,
          3881437183,
          2504026939,
          3844903701,
          2234558019,
          1159840758,
          1816438952,
          1455174150,
          810054099,
          411945115,
          2157260131,
          2781743564,
          889780141,
          1215907980,
          770996634,
          102808355,
          609659839,
          87002159,
          3234600513,
          3004798770,
          2060320199,
          527259213,
          3180501345,
          768869304,
          637036071,
          254935222,
          3377135593,
          4153062205,
          2817228360,
          4046912253,
          1139736047,
          1402862327,
          3568596544,
          3315465267,
          604938799,
          1676542314,
          120077193,
          3812355714,
          3543347463,
          2284464100,
          3017281249,
          2654915152,
          1407546083,
          3888838437,
          985935983,
          1590263280,
          1686452164,
          804103748,
          1041263338,
          487283949,
          1784118829,
          1350411352,
          769519034,
          3495500694,
          3512495346,
          3919416951,
          233818674,
          3248610226,
          3204945917,
          2346290029,
          3851460553,
          2991108806,
          3135978097,
          1748214659,
          3200823513,
          4060238290,
          434975704,
          1184261973,
          986235829,
          598664306,
          628387572,
          3671557901,
          3377134052,
          969545704,
          144209212,
          3637362076,
          3836617673,
          2619366091,
          2049131976,
          3649237039,
          946679209,
          607059894,
          917298143,
          492805191,
          806553406,
          3745982929,
          2974517190,
          2870339284,
          1749477599,
          3259043051,
          1598957548,
          3980771077,
          1299723022,
          1414814262,
          3846779376,
          3945849854,
          2184573408,
          3843252526,
          4050589313,
          3315494868,
          2089548284,
          2512762996,
          2488392494,
          3319213937,
          950574328,
          3785806751,
          1559855572,
          2896039428,
          3324860302,
          945055643,
          572693112,
          1537029424,
          201883074,
          2083480691,
          2274436471,
          2367177063,
          2054160989,
          2803706650,
          3440619503,
          3307099996,
          4097162409,
          317929764,
          2976405738,
          3723203166,
          4140291053,
          919708075,
          1623917373,
          896073198,
          404769443,
          3386021059,
          624530936,
          2652173859,
          209156446,
          3570818229,
          2984513634,
          3294151552,
          3824847141,
          2336905631,
          4152615042,
          3816443772,
          133781556,
          3329843166,
          3955269860,
          1591266694,
          2395390415,
          3548204652,
          690175473,
          6930362,
          368966209,
          4230664070,
          3427587150,
          660972162,
          3937596417,
          2423938277,
          3713211912,
          1022511102,
          3398757968,
          3145271675,
          1086834804,
          1850861642,
          158874682,
          2425424777,
          1754415174,
          2021375521,
          1732107495,
          3572418165,
          2327194611,
          3634993387,
          3703664025,
          3636053413,
          4168782546,
          294885604,
          2638180,
          3676411395,
          2887058866,
          3313013321,
          4109462471,
          2962450030,
          320620579,
          3206297241,
          1645574178,
          1812184115,
          3464030756,
          1063347294,
          4008468610,
          605969333,
          3509562641,
          597703473,
          3598551739,
          794800473,
          1318757528,
          2487267773,
          343805460,
          624
        ],
        null
      ]
    },
    {
      "__class__": "Trace",
      "__module__": "agilkia.json_traces",
      "events": [
        {
          "__class__": "Event",
          "__module__": "agilkia.json_traces",
          "action": "Method1",
          "inputs": {
            "bstrParam1": "one",
            "bstrParam2": "two"
          },
          "outputs": "Your input parameters are one and two",
          "properties": {}
        },
        {
          "__class__": "Event",
          "__module__": "agilkia.json_traces",
          "action": "Method1",
          "inputs": {
            "bstrParam1": "one",
            "bstrParam2": "TWO!"
          },
          "outputs": "Your input parameters are one and TWO!",
          "properties": {}
        },
        {
          "__class__": "Event",
          "__module__": "agilkia.json_traces",
          "action": "Method1",
          "inputs": {
            "bstrParam1": "one",
            "bstrParam2": "TWO!"
          },
          "outputs": "Your input parameters are one and TWO!",
          "properties": {}
        },
        {
          "__class__": "Event",
          "__module__": "agilkia.json_traces",
          "action": "Method1",
          "inputs": {
            "bstrParam1": "one",
            "bstrParam2": "two"
          },
          "outputs": "Your input parameters are one and two",
          "properties": {}
        },
        {
          "__class__": "Event",
          "__module__": "agilkia.json_traces",
          "action": "Method1",
          "inputs": {
            "bstrParam1": "one",
            "bstrParam2": "two"
          },
          "outputs": "Your input parameters are one and two",
          "properties": {}
        }
      ],
      "random_state": [
        3,
        [
          1181343704,
          676652175,
          2664188706,
          4266926488,
          1858156617,
          678503596,
          2769253715,
          2180904622,
          2500818339,
          76746874,
          2034996712,
          1882635071,
          4051011032,
          902494936,
          4077558090,
          16656101,
          3635095645,
          4070270966,
          1869621226,
          2379072519,
          2964667967,
          653474021,
          3319126536,
          514431616,
          4194323964,
          1031118791,
          581118077,
          3095450794,
          2522527426,
          3866477031,
          4101991731,
          3240688521,
          2963753501,
          2763174990,
          508421628,
          855938759,
          2582460335,
          184636719,
          570153971,
          1029767688,
          2635464831,
          4257963418,
          86889549,
          2273566375,
          4269095898,
          3753161408,
          4241794450,
          4062040151,
          3353434217,
          981088916,
          2167433615,
          3855164917,
          3442349036,
          2946352978,
          193396669,
          2664515361,
          2886728628,
          4009383590,
          4201880311,
          2920820560,
          4242338888,
          1989001171,
          2973813573,
          2092140958,
          174796401,
          1886376523,
          2156721027,
          2592216904,
          1777749373,
          2645704117,
          3435876255,
          2527630421,
          4045452248,
          994167902,
          4104405962,
          2509152410,
          4050303960,
          715258845,
          3049062221,
          2168157279,
          1971558220,
          2354418241,
          527839733,
          3394696501,
          584082163,
          2635838076,
          3067522021,
          353439899,
          773424338,
          2771450412,
          2208117061,
          442071499,
          2428179432,
          3968495875,
          3347945391,
          2640281107,
          3089745257,
          90410067,
          3213369237,
          2810299553,
          1977951623,
          722410048,
          3445349265,
          977528392,
          3686133661,
          1399790822,
          4141979200,
          3068170370,
          318239216,
          4156042838,
          80140793,
          3548255866,
          1564231316,
          452305965,
          3329279619,
          2672568430,
          2088463525,
          2365875738,
          882205115,
          2958937726,
          17244620,
          1590302438,
          280421005,
          1999041395,
          716301288,
          3553105758,
          1410657837,
          557059108,
          2276539896,
          2970261015,
          2508859370,
          1517928119,
          2129314493,
          3727393311,
          246232574,
          2450574190,
          1753094527,
          765586262,
          1570878173,
          3036278773,
          1332254219,
          4224905804,
          2806847230,
          172110735,
          932733911,
          3620521566,
          22803088,
          3501265767,
          2779158027,
          1616717126,
          1245970321,
          1255491184,
          701164019,
          1854715303,
          2957189564,
          589354593,
          1932061898,
          2951868853,
          725595531,
          111770665,
          4257465828,
          1100443638,
          1386182363,
          3982687806,
          202023379,
          3115431316,
          439491647,
          179120807,
          3079810372,
          2301565173,
          2348574495,
          1415006870,
          3968443118,
          3786474522,
          305942292,
          225824559,
          3758390819,
          894191884,
          3215029430,
          1368928658,
          3053102911,
          41258025,
          2615066237,
          1360929792,
          2149872307,
          3679144505,
          562361330,
          3698169780,
          4026861708,
          1127534167,
          2267192464,
          150160262,
          3148991841,
          4182097367,
          2701674306,
          2044938737,
          3247713236,
          887434277,
          2168486907,
          3105321545,
          2494346168,
          3491392913,
          796051654,
          536439089,
          849974726,
          1239614447,
          3046740072,
          3519625190,
          897931757,
          2138226864,
          353256157,
          4266573430,
          983108444,
          241735323,
          583959968,
          3258589624,
          78814767,
          269819910,
          3352602049,
          2428550631,
          3829340881,
          915313133,
          1009739858,
          58528416,
          4086282765,
          3939962947,
          3040157405,
          1278190599,
          3818236303,
          1498993434,
          4224865468,
          4038333311,
          3699702637,
          980983168,
          890375639,
          881765871,
          947027237,
          2807791185,
          1824160153,
          1780302541,
          2365838126,
          441900338,
          3396861940,
          1551965662,
          1703523486,
          3576571343,
          3249098967,
          141663800,
          3402756144,
          3415315804,
          2669485772,
          2469631080,
          93742656,
          4125091407,
          705193119,
          2729167134,
          3603145725,
          2112244303,
          3656901367,
          3048790640,
          3421013893,
          2058335792,
          3758030608,
          739742354,
          170587228,
          2045635549,
          2487718324,
          2089843934,
          3121668330,
          879163143,
          4269165686,
          3309896170,
          1264432311,
          2303401506,
          530963201,
          2974970418,
          2112607301,
          3780581171,
          194394778,
          2074308446,
          3874689704,
          1396688814,
          3890138059,
          3739942085,
          2720152548,
          11460102,
          1201744213,
          2201983206,
          3853754499,
          1188638484,
          3284158110,
          4188814247,
          3248709832,
          168610589,
          3908519974,
          3735746396,
          3830067872,
          1862620665,
          2124983783,
          655558453,
          3178330775,
          2843710496,
          1420763750,
          2780406160,
          3516598141,
          2254034119,
          1786532448,
          414344584,
          2705093793,
          3669064777,
          1275710680,
          1682758560,
          816116023,
          2412981109,
          3970289870,
          453581550,
          515578875,
          1629395482,
          3903515219,
          1312692905,
          236406882,
          2223861352,
          961289879,
          1640977117,
          2646773670,
          1671435541,
          2276841391,
          2688931697,
          1492225317,
          209652699,
          3352150388,
          4133128796,
          3778300241,
          3409938150,
          1475139971,
          3566057257,
          2645023182,
          1870697470,
          460752693,
          2950663606,
          1159821206,
          449549158,
          2130283219,
          1770152811,
          1770663290,
          4200546394,
          4050907008,
          3193243100,
          3609128545,
          820661653,
          2254139614,
          72848763,
          666046337,
          1632879796,
          2474153356,
          3367733348,
          3494720657,
          3423426266,
          1815085497,
          3729557040,
          3455940999,
          2408832433,
          1027595402,
          3579809045,
          1792680909,
          327949891,
          3223406090,
          2457638916,
          363919629,
          1761417433,
          338657820,
          1014597624,
          734768208,
          2173821687,
          1980827047,
          2298138433,
          625925399,
          755981459,
          2021890216,
          1095483635,
          2491884699,
          1012147961,
          2541158429,
          1908880018,
          3083113135,
          1609413609,
          2810366028,
          2740430964,
          746853099,
          3647224867,
          3092982495,
          1638467983,
          1328275165,
          175352002,
          2629636553,
          2019579148,
          2150804467,
          271368143,
          1679606237,
          1400821113,
          476616364,
          4013826551,
          1972237242,
          16088329,
          3778746200,
          470948344,
          2133915291,
          2055653712,
          1062136547,
          769506406,
          991273129,
          4258814416,
          583965913,
          749062893,
          2726824767,
          3430512169,
          262788204,
          2322361623,
          1723388342,
          2279059568,
          1981217092,
          2936800290,
          3358328264,
          1194033509,
          3564092393,
          1195070496,
          850510758,
          115315009,
          4182153596,
          4141751488,
          4112731688,
          2550933222,
          2588640941,
          1577543997,
          173659160,
          1461041174,
          1230017764,
          1045453790,
          2137142848,
          2950127566,
          2536157429,
          1881768262,
          28764849,
          546191977,
          116333771,
          1573669007,
          467884263,
          2141219865,
          2413832722,
          1705223115,
          3876805788,
          1697751540,
          1830218796,
          3823050497,
          3353028555,
          3826035156,
          3841268785,
          421510653,
          2738990171,
          1024931532,
          3263648680,
          2245279859,
          517248719,
          3283366883,
          1817485209,
          1565358380,
          4035047382,
          3164480623,
          3938973038,
          2388847622,
          2623908465,
          714527158,
          634661985,
          1799658394,
          3424335568,
          3853864648,
          4191358654,
          2297155054,
          2352718109,
          2451273961,
          1509747078,
          37140147,
          3024437187,
          4277087798,
          357071926,
          875664659,
          4082057065,
          3946343004,
          3156528401,
          52071033,
          3352784297,
          1393470783,
          3180381754,
          2035740842,
          4210857069,
          3272722435,
          2022731499,
          1144377091,
          1092997359,
          1519044238,
          2616273240,
          2881923160,
          3589738176,
          554622897,
          3843763629,
          670098516,
          2432487013,
          837521170,
          774792522,
          1377239811,
          466934478,
          2956280895,
          2196767542,
          3490076585,
          2604014457,
          1394115764,
          511503607,
          2521478644,
          344456983,
          2039174754,
          1705761003,
          1197287291,
          3088510683,
          3462406075,
          1570884865,
          187751448,
          1711931333,
          3489188352,
          1220587455,
          912266636,
          3690749294,
          3682196295,
          3429972304,
          2443146503,
          1155935220,
          149401009,
          3033382051,
          1514589146,
          123367527,
          4119228965,
          2663540297,
          3245034070,
          487400463,
          3114539293,
          4225677438,
          925792831,
          2853088088,
          496623087,
          2064386368,
          1539519801,
          2195536982,
          3569029940,
          2064922976,
          3913293440,
          1110347352,
          2593254703,
          2769435290,
          3715743619,
          1665277906,
          1557509103,
          2577615898,
          3253604941,
          2461404038,
          784615243,
          930257871,
          2036000501,
          1193966075,
          2576149382,
          1628070695,
          256159085,
          712953713,
          1253474965,
          2411663400,
          2652866883,
          540988900,
          3198175575,
          4252197810,
          2255466243,
          2543966340,
          430336066,
          125152915,
          3234481357,
          1693074107,
          24685116,
          2728712670,
          843653702,
          4211536152,
          155799013,
          4025497995,
          169289903,
          3521352456,
          4221179606,
          1740979808,
          1695820229,
          954910376,
          2798594792,
          3031350783,
          3782475446,
          3406922219,
          3735027293,
          4255951774,
          1054394837,
          2297360371,
          2446763721,
          2063982154,
          2201444691,
          2721826255,
          3436091308,
          3973231159,
          301050766,
          13471363,
          416152681,
          2027013883,
          4164057699,
          2485229621,
          3884158958,
          1761303156,
          1887668120,
          3550444557,
          2173482670,
          759102094,
          261487048,
          845107718,
          2735096863,
          30
        ],
        null
      ]
    }
  ]
}